Archive member included to satisfy reference by file (symbol)

c:/school/blok 2/micro prog. 2/avr-gcc-12.0.1/bin/../lib/gcc/avr/12.1.0/avr6\libgcc.a(_divmodhi4.o)
                              obj\Debug\X-as.o (__divmodhi4)
c:/school/blok 2/micro prog. 2/avr-gcc-12.0.1/bin/../lib/gcc/avr/12.1.0/avr6\libgcc.a(_divmodsi4.o)
                              obj\Debug\Z-as.o (__divmodsi4)
c:/school/blok 2/micro prog. 2/avr-gcc-12.0.1/bin/../lib/gcc/avr/12.1.0/avr6\libgcc.a(_negsi2.o)
                              c:/school/blok 2/micro prog. 2/avr-gcc-12.0.1/bin/../lib/gcc/avr/12.1.0/avr6\libgcc.a(_divmodsi4.o) (__negsi2)
c:/school/blok 2/micro prog. 2/avr-gcc-12.0.1/bin/../lib/gcc/avr/12.1.0/avr6\libgcc.a(_exit.o)
                              c:/school/blok 2/micro prog. 2/avr-gcc-12.0.1/bin/../lib/gcc/avr/12.1.0/../../../../avr/lib/avr6/crtatmega2560.o (exit)
c:/school/blok 2/micro prog. 2/avr-gcc-12.0.1/bin/../lib/gcc/avr/12.1.0/avr6\libgcc.a(_muluhisi3.o)
                              obj\Debug\Z-as.o (__muluhisi3)
c:/school/blok 2/micro prog. 2/avr-gcc-12.0.1/bin/../lib/gcc/avr/12.1.0/avr6\libgcc.a(_udivmodhi4.o)
                              c:/school/blok 2/micro prog. 2/avr-gcc-12.0.1/bin/../lib/gcc/avr/12.1.0/avr6\libgcc.a(_divmodhi4.o) (__udivmodhi4)
c:/school/blok 2/micro prog. 2/avr-gcc-12.0.1/bin/../lib/gcc/avr/12.1.0/avr6\libgcc.a(_udivmodsi4.o)
                              c:/school/blok 2/micro prog. 2/avr-gcc-12.0.1/bin/../lib/gcc/avr/12.1.0/avr6\libgcc.a(_divmodsi4.o) (__udivmodsi4)
c:/school/blok 2/micro prog. 2/avr-gcc-12.0.1/bin/../lib/gcc/avr/12.1.0/avr6\libgcc.a(_umulhisi3.o)
                              c:/school/blok 2/micro prog. 2/avr-gcc-12.0.1/bin/../lib/gcc/avr/12.1.0/avr6\libgcc.a(_muluhisi3.o) (__umulhisi3)
c:/school/blok 2/micro prog. 2/avr-gcc-12.0.1/bin/../lib/gcc/avr/12.1.0/../../../../avr/lib/avr6\libm.a(cmpsf2.o)
                              obj\Debug\main.o (__ltsf2)
c:/school/blok 2/micro prog. 2/avr-gcc-12.0.1/bin/../lib/gcc/avr/12.1.0/../../../../avr/lib/avr6\libm.a(fixunssfsi.o)
                              obj\Debug\main.o (__fixunssfsi)
c:/school/blok 2/micro prog. 2/avr-gcc-12.0.1/bin/../lib/gcc/avr/12.1.0/../../../../avr/lib/avr6\libm.a(fp_cmp.o)
                              c:/school/blok 2/micro prog. 2/avr-gcc-12.0.1/bin/../lib/gcc/avr/12.1.0/../../../../avr/lib/avr6\libm.a(cmpsf2.o) (__fp_cmp)
c:/school/blok 2/micro prog. 2/avr-gcc-12.0.1/bin/../lib/gcc/avr/12.1.0/../../../../avr/lib/avr6\libm.a(fp_split3.o)
                              c:/school/blok 2/micro prog. 2/avr-gcc-12.0.1/bin/../lib/gcc/avr/12.1.0/../../../../avr/lib/avr6\libm.a(fixunssfsi.o) (__fp_splitA)
c:/school/blok 2/micro prog. 2/avr-gcc-12.0.1/bin/../lib/gcc/avr/12.1.0/../../../../avr/lib/avr6\libm.a(fp_zero.o)
                              c:/school/blok 2/micro prog. 2/avr-gcc-12.0.1/bin/../lib/gcc/avr/12.1.0/../../../../avr/lib/avr6\libm.a(fixunssfsi.o) (__fp_zero)
c:/school/blok 2/micro prog. 2/avr-gcc-12.0.1/bin/../lib/gcc/avr/12.1.0/../../../../avr/lib/avr6\libm.a(gesf2.o)
                              obj\Debug\main.o (__gtsf2)
c:/school/blok 2/micro prog. 2/avr-gcc-12.0.1/bin/../lib/gcc/avr/12.1.0/../../../../avr/lib/avr6\libm.a(mulsf3.o)
                              obj\Debug\main.o (__mulsf3)
c:/school/blok 2/micro prog. 2/avr-gcc-12.0.1/bin/../lib/gcc/avr/12.1.0/../../../../avr/lib/avr6\libm.a(mulsf3x.o)
                              c:/school/blok 2/micro prog. 2/avr-gcc-12.0.1/bin/../lib/gcc/avr/12.1.0/../../../../avr/lib/avr6\libm.a(mulsf3.o) (__mulsf3x)
c:/school/blok 2/micro prog. 2/avr-gcc-12.0.1/bin/../lib/gcc/avr/12.1.0/../../../../avr/lib/avr6\libm.a(fp_inf.o)
                              c:/school/blok 2/micro prog. 2/avr-gcc-12.0.1/bin/../lib/gcc/avr/12.1.0/../../../../avr/lib/avr6\libm.a(mulsf3x.o) (__fp_inf)
c:/school/blok 2/micro prog. 2/avr-gcc-12.0.1/bin/../lib/gcc/avr/12.1.0/../../../../avr/lib/avr6\libm.a(fp_nan.o)
                              c:/school/blok 2/micro prog. 2/avr-gcc-12.0.1/bin/../lib/gcc/avr/12.1.0/../../../../avr/lib/avr6\libm.a(mulsf3x.o) (__fp_nan)
c:/school/blok 2/micro prog. 2/avr-gcc-12.0.1/bin/../lib/gcc/avr/12.1.0/../../../../avr/lib/avr6\libm.a(fp_pscA.o)
                              c:/school/blok 2/micro prog. 2/avr-gcc-12.0.1/bin/../lib/gcc/avr/12.1.0/../../../../avr/lib/avr6\libm.a(mulsf3x.o) (__fp_pscA)
c:/school/blok 2/micro prog. 2/avr-gcc-12.0.1/bin/../lib/gcc/avr/12.1.0/../../../../avr/lib/avr6\libm.a(fp_pscB.o)
                              c:/school/blok 2/micro prog. 2/avr-gcc-12.0.1/bin/../lib/gcc/avr/12.1.0/../../../../avr/lib/avr6\libm.a(mulsf3x.o) (__fp_pscB)
c:/school/blok 2/micro prog. 2/avr-gcc-12.0.1/bin/../lib/gcc/avr/12.1.0/../../../../avr/lib/avr6\libm.a(fp_round.o)
                              c:/school/blok 2/micro prog. 2/avr-gcc-12.0.1/bin/../lib/gcc/avr/12.1.0/../../../../avr/lib/avr6\libm.a(mulsf3.o) (__fp_round)

Memory Configuration

Name             Origin             Length             Attributes
text             0x0000000000000000 0x0000000000100000 xr
data             0x0000000000800200 0x000000000000fe00 rw !x
eeprom           0x0000000000810000 0x0000000000010000 rw !x
fuse             0x0000000000820000 0x0000000000000003 rw !x
lock             0x0000000000830000 0x0000000000000400 rw !x
signature        0x0000000000840000 0x0000000000000400 rw !x
user_signatures  0x0000000000850000 0x0000000000000400 rw !x
*default*        0x0000000000000000 0xffffffffffffffff

Linker script and memory map

Address of section .data set to 0x800200
LOAD c:/school/blok 2/micro prog. 2/avr-gcc-12.0.1/bin/../lib/gcc/avr/12.1.0/../../../../avr/lib/avr6/crtatmega2560.o
LOAD obj\Debug\fuse.o
LOAD obj\Debug\main.o
LOAD obj\Debug\X-as.o
LOAD obj\Debug\Y-as.o
LOAD obj\Debug\Z-as.o
START GROUP
LOAD c:/school/blok 2/micro prog. 2/avr-gcc-12.0.1/bin/../lib/gcc/avr/12.1.0/avr6\libgcc.a
LOAD c:/school/blok 2/micro prog. 2/avr-gcc-12.0.1/bin/../lib/gcc/avr/12.1.0/../../../../avr/lib/avr6\libm.a
LOAD c:/school/blok 2/micro prog. 2/avr-gcc-12.0.1/bin/../lib/gcc/avr/12.1.0/../../../../avr/lib/avr6\libc.a
LOAD c:/school/blok 2/micro prog. 2/avr-gcc-12.0.1/bin/../lib/gcc/avr/12.1.0/../../../../avr/lib/avr6\libatmega2560.a
END GROUP
                0x0000000000100000                __TEXT_REGION_LENGTH__ = DEFINED (__TEXT_REGION_LENGTH__)?__TEXT_REGION_LENGTH__:0x100000
                0x000000000000fe00                __DATA_REGION_LENGTH__ = DEFINED (__DATA_REGION_LENGTH__)?__DATA_REGION_LENGTH__:0xfe00
                0x0000000000010000                __EEPROM_REGION_LENGTH__ = DEFINED (__EEPROM_REGION_LENGTH__)?__EEPROM_REGION_LENGTH__:0x10000
                [0x0000000000000003]                __FUSE_REGION_LENGTH__ = DEFINED (__FUSE_REGION_LENGTH__)?__FUSE_REGION_LENGTH__:0x400
                0x0000000000000400                __LOCK_REGION_LENGTH__ = DEFINED (__LOCK_REGION_LENGTH__)?__LOCK_REGION_LENGTH__:0x400
                0x0000000000000400                __SIGNATURE_REGION_LENGTH__ = DEFINED (__SIGNATURE_REGION_LENGTH__)?__SIGNATURE_REGION_LENGTH__:0x400
                0x0000000000000400                __USER_SIGNATURE_REGION_LENGTH__ = DEFINED (__USER_SIGNATURE_REGION_LENGTH__)?__USER_SIGNATURE_REGION_LENGTH__:0x400

.hash
 *(.hash)

.dynsym
 *(.dynsym)

.dynstr
 *(.dynstr)

.gnu.version
 *(.gnu.version)

.gnu.version_d
 *(.gnu.version_d)

.gnu.version_r
 *(.gnu.version_r)

.rel.init
 *(.rel.init)

.rela.init
 *(.rela.init)

.rel.text
 *(.rel.text)
 *(.rel.text.*)
 *(.rel.gnu.linkonce.t*)

.rela.text
 *(.rela.text)
 *(.rela.text.*)
 *(.rela.gnu.linkonce.t*)

.rel.fini
 *(.rel.fini)

.rela.fini
 *(.rela.fini)

.rel.rodata
 *(.rel.rodata)
 *(.rel.rodata.*)
 *(.rel.gnu.linkonce.r*)

.rela.rodata
 *(.rela.rodata)
 *(.rela.rodata.*)
 *(.rela.gnu.linkonce.r*)

.rel.data
 *(.rel.data)
 *(.rel.data.*)
 *(.rel.gnu.linkonce.d*)

.rela.data
 *(.rela.data)
 *(.rela.data.*)
 *(.rela.gnu.linkonce.d*)

.rel.ctors
 *(.rel.ctors)

.rela.ctors
 *(.rela.ctors)

.rel.dtors
 *(.rel.dtors)

.rela.dtors
 *(.rela.dtors)

.rel.got
 *(.rel.got)

.rela.got
 *(.rela.got)

.rel.bss
 *(.rel.bss)

.rela.bss
 *(.rela.bss)

.rel.plt
 *(.rel.plt)

.rela.plt
 *(.rela.plt)

.text           0x0000000000000000     0x3592
 *(.vectors)
 .vectors       0x0000000000000000       0xe4 c:/school/blok 2/micro prog. 2/avr-gcc-12.0.1/bin/../lib/gcc/avr/12.1.0/../../../../avr/lib/avr6/crtatmega2560.o
                0x0000000000000000                __vector_default
                0x0000000000000000                __vectors
 *(.vectors)
 *(.progmem.gcc*)
                0x00000000000000e4                . = ALIGN (0x2)
                0x00000000000000e4                __trampolines_start = .
 *(.trampolines)
 .trampolines   0x00000000000000e4        0x0 linker stubs
 *(.trampolines*)
                0x00000000000000e4                __trampolines_end = .
 *libprintf_flt.a:*(.progmem.data)
 *libc.a:*(.progmem.data)
 *(.progmem.*)
                0x00000000000000e4                . = ALIGN (0x2)
 *(.lowtext)
 *(.lowtext*)
                0x00000000000000e4                __ctors_start = .
 *(.ctors)
                0x00000000000000e4                __ctors_end = .
                0x00000000000000e4                __dtors_start = .
 *(.dtors)
                0x00000000000000e4                __dtors_end = .
 SORT_BY_NAME(*)(.ctors)
 SORT_BY_NAME(*)(.dtors)
 *(.init0)
 .init0         0x00000000000000e4        0x0 c:/school/blok 2/micro prog. 2/avr-gcc-12.0.1/bin/../lib/gcc/avr/12.1.0/../../../../avr/lib/avr6/crtatmega2560.o
                0x00000000000000e4                __init
 *(.init0)
 *(.init1)
 *(.init1)
 *(.init2)
 .init2         0x00000000000000e4       0x10 c:/school/blok 2/micro prog. 2/avr-gcc-12.0.1/bin/../lib/gcc/avr/12.1.0/../../../../avr/lib/avr6/crtatmega2560.o
 *(.init2)
 *(.init3)
 *(.init3)
 *(.init4)
 *(.init4)
 *(.init5)
 *(.init5)
 *(.init6)
 *(.init6)
 *(.init7)
 *(.init7)
 *(.init8)
 *(.init8)
 *(.init9)
 .init9         0x00000000000000f4        0x8 c:/school/blok 2/micro prog. 2/avr-gcc-12.0.1/bin/../lib/gcc/avr/12.1.0/../../../../avr/lib/avr6/crtatmega2560.o
 *(.init9)
 *(.text)
 .text          0x00000000000000fc        0x4 c:/school/blok 2/micro prog. 2/avr-gcc-12.0.1/bin/../lib/gcc/avr/12.1.0/../../../../avr/lib/avr6/crtatmega2560.o
                0x00000000000000fc                __vector_38
                0x00000000000000fc                __vector_28
                0x00000000000000fc                __vector_1
                0x00000000000000fc                __vector_32
                0x00000000000000fc                __vector_34
                0x00000000000000fc                __vector_24
                0x00000000000000fc                __vector_12
                0x00000000000000fc                __vector_55
                0x00000000000000fc                __vector_46
                0x00000000000000fc                __bad_interrupt
                0x00000000000000fc                __vector_6
                0x00000000000000fc                __vector_31
                0x00000000000000fc                __vector_35
                0x00000000000000fc                __vector_39
                0x00000000000000fc                __vector_3
                0x00000000000000fc                __vector_30
                0x00000000000000fc                __vector_45
                0x00000000000000fc                __vector_25
                0x00000000000000fc                __vector_11
                0x00000000000000fc                __vector_54
                0x00000000000000fc                __vector_19
                0x00000000000000fc                __vector_56
                0x00000000000000fc                __vector_7
                0x00000000000000fc                __vector_49
                0x00000000000000fc                __vector_41
                0x00000000000000fc                __vector_43
                0x00000000000000fc                __vector_27
                0x00000000000000fc                __vector_5
                0x00000000000000fc                __vector_33
                0x00000000000000fc                __vector_47
                0x00000000000000fc                __vector_52
                0x00000000000000fc                __vector_37
                0x00000000000000fc                __vector_4
                0x00000000000000fc                __vector_44
                0x00000000000000fc                __vector_51
                0x00000000000000fc                __vector_9
                0x00000000000000fc                __vector_2
                0x00000000000000fc                __vector_36
                0x00000000000000fc                __vector_29
                0x00000000000000fc                __vector_40
                0x00000000000000fc                __vector_8
                0x00000000000000fc                __vector_26
                0x00000000000000fc                __vector_48
                0x00000000000000fc                __vector_53
                0x00000000000000fc                __vector_10
                0x00000000000000fc                __vector_50
                0x00000000000000fc                __vector_16
                0x00000000000000fc                __vector_42
 .text          0x0000000000000100        0x0 obj\Debug\fuse.o
 .text          0x0000000000000100     0x28ca obj\Debug\main.o
                0x0000000000000100                init_Pinnen
                0x00000000000001ea                init
                0x000000000000020a                main
 .text          0x00000000000029ca      0x2b0 obj\Debug\X-as.o
                0x00000000000029ca                __vector_23
                0x0000000000002aa8                __vector_21
                0x0000000000002b04                __vector_22
                0x0000000000002b60                init_Xas
                0x0000000000002be6                Xas_set_percentage
 .text          0x0000000000002c7a      0x2b0 obj\Debug\Y-as.o
                0x0000000000002c7a                __vector_15
                0x0000000000002d58                __vector_13
                0x0000000000002db4                __vector_14
                0x0000000000002e10                init_Yas
                0x0000000000002e96                Yas_set_percentage
 .text          0x0000000000002f2a      0x328 obj\Debug\Z-as.o
                0x0000000000002f2a                __vector_20
                0x0000000000003010                __vector_17
                0x0000000000003072                __vector_18
                0x00000000000030d2                init_Zas
                0x000000000000315c                Zas_set_percentage
 .text          0x0000000000003252        0x0 c:/school/blok 2/micro prog. 2/avr-gcc-12.0.1/bin/../lib/gcc/avr/12.1.0/avr6\libgcc.a(_divmodhi4.o)
 .text          0x0000000000003252        0x0 c:/school/blok 2/micro prog. 2/avr-gcc-12.0.1/bin/../lib/gcc/avr/12.1.0/avr6\libgcc.a(_divmodsi4.o)
 .text          0x0000000000003252        0x0 c:/school/blok 2/micro prog. 2/avr-gcc-12.0.1/bin/../lib/gcc/avr/12.1.0/avr6\libgcc.a(_negsi2.o)
 .text          0x0000000000003252        0x0 c:/school/blok 2/micro prog. 2/avr-gcc-12.0.1/bin/../lib/gcc/avr/12.1.0/avr6\libgcc.a(_exit.o)
 .text          0x0000000000003252        0x0 c:/school/blok 2/micro prog. 2/avr-gcc-12.0.1/bin/../lib/gcc/avr/12.1.0/avr6\libgcc.a(_muluhisi3.o)
 .text          0x0000000000003252        0x0 c:/school/blok 2/micro prog. 2/avr-gcc-12.0.1/bin/../lib/gcc/avr/12.1.0/avr6\libgcc.a(_udivmodhi4.o)
 .text          0x0000000000003252        0x0 c:/school/blok 2/micro prog. 2/avr-gcc-12.0.1/bin/../lib/gcc/avr/12.1.0/avr6\libgcc.a(_udivmodsi4.o)
 .text          0x0000000000003252        0x0 c:/school/blok 2/micro prog. 2/avr-gcc-12.0.1/bin/../lib/gcc/avr/12.1.0/avr6\libgcc.a(_umulhisi3.o)
 .text          0x0000000000003252        0x0 c:/school/blok 2/micro prog. 2/avr-gcc-12.0.1/bin/../lib/gcc/avr/12.1.0/../../../../avr/lib/avr6\libm.a(cmpsf2.o)
 .text          0x0000000000003252        0x0 c:/school/blok 2/micro prog. 2/avr-gcc-12.0.1/bin/../lib/gcc/avr/12.1.0/../../../../avr/lib/avr6\libm.a(fixunssfsi.o)
 .text          0x0000000000003252        0x0 c:/school/blok 2/micro prog. 2/avr-gcc-12.0.1/bin/../lib/gcc/avr/12.1.0/../../../../avr/lib/avr6\libm.a(fp_cmp.o)
 .text          0x0000000000003252        0x0 c:/school/blok 2/micro prog. 2/avr-gcc-12.0.1/bin/../lib/gcc/avr/12.1.0/../../../../avr/lib/avr6\libm.a(fp_split3.o)
 .text          0x0000000000003252        0x0 c:/school/blok 2/micro prog. 2/avr-gcc-12.0.1/bin/../lib/gcc/avr/12.1.0/../../../../avr/lib/avr6\libm.a(fp_zero.o)
 .text          0x0000000000003252        0x0 c:/school/blok 2/micro prog. 2/avr-gcc-12.0.1/bin/../lib/gcc/avr/12.1.0/../../../../avr/lib/avr6\libm.a(gesf2.o)
 .text          0x0000000000003252        0x0 c:/school/blok 2/micro prog. 2/avr-gcc-12.0.1/bin/../lib/gcc/avr/12.1.0/../../../../avr/lib/avr6\libm.a(mulsf3.o)
 .text          0x0000000000003252        0x0 c:/school/blok 2/micro prog. 2/avr-gcc-12.0.1/bin/../lib/gcc/avr/12.1.0/../../../../avr/lib/avr6\libm.a(mulsf3x.o)
 .text          0x0000000000003252        0x0 c:/school/blok 2/micro prog. 2/avr-gcc-12.0.1/bin/../lib/gcc/avr/12.1.0/../../../../avr/lib/avr6\libm.a(fp_inf.o)
 .text          0x0000000000003252        0x0 c:/school/blok 2/micro prog. 2/avr-gcc-12.0.1/bin/../lib/gcc/avr/12.1.0/../../../../avr/lib/avr6\libm.a(fp_nan.o)
 .text          0x0000000000003252        0x0 c:/school/blok 2/micro prog. 2/avr-gcc-12.0.1/bin/../lib/gcc/avr/12.1.0/../../../../avr/lib/avr6\libm.a(fp_pscA.o)
 .text          0x0000000000003252        0x0 c:/school/blok 2/micro prog. 2/avr-gcc-12.0.1/bin/../lib/gcc/avr/12.1.0/../../../../avr/lib/avr6\libm.a(fp_pscB.o)
 .text          0x0000000000003252        0x0 c:/school/blok 2/micro prog. 2/avr-gcc-12.0.1/bin/../lib/gcc/avr/12.1.0/../../../../avr/lib/avr6\libm.a(fp_round.o)
                0x0000000000003252                . = ALIGN (0x2)
 *(.text.*)
 .text.libgcc.mul
                0x0000000000003252        0x0 c:/school/blok 2/micro prog. 2/avr-gcc-12.0.1/bin/../lib/gcc/avr/12.1.0/avr6\libgcc.a(_divmodhi4.o)
 .text.libgcc.div
                0x0000000000003252       0x28 c:/school/blok 2/micro prog. 2/avr-gcc-12.0.1/bin/../lib/gcc/avr/12.1.0/avr6\libgcc.a(_divmodhi4.o)
                0x0000000000003252                _div
                0x0000000000003252                __divmodhi4
 .text.libgcc   0x000000000000327a        0x0 c:/school/blok 2/micro prog. 2/avr-gcc-12.0.1/bin/../lib/gcc/avr/12.1.0/avr6\libgcc.a(_divmodhi4.o)
 .text.libgcc.prologue
                0x000000000000327a        0x0 c:/school/blok 2/micro prog. 2/avr-gcc-12.0.1/bin/../lib/gcc/avr/12.1.0/avr6\libgcc.a(_divmodhi4.o)
 .text.libgcc.builtins
                0x000000000000327a        0x0 c:/school/blok 2/micro prog. 2/avr-gcc-12.0.1/bin/../lib/gcc/avr/12.1.0/avr6\libgcc.a(_divmodhi4.o)
 .text.libgcc.fmul
                0x000000000000327a        0x0 c:/school/blok 2/micro prog. 2/avr-gcc-12.0.1/bin/../lib/gcc/avr/12.1.0/avr6\libgcc.a(_divmodhi4.o)
 .text.libgcc.fixed
                0x000000000000327a        0x0 c:/school/blok 2/micro prog. 2/avr-gcc-12.0.1/bin/../lib/gcc/avr/12.1.0/avr6\libgcc.a(_divmodhi4.o)
 .text.libgcc.mul
                0x000000000000327a        0x0 c:/school/blok 2/micro prog. 2/avr-gcc-12.0.1/bin/../lib/gcc/avr/12.1.0/avr6\libgcc.a(_divmodsi4.o)
 .text.libgcc.div
                0x000000000000327a       0x2e c:/school/blok 2/micro prog. 2/avr-gcc-12.0.1/bin/../lib/gcc/avr/12.1.0/avr6\libgcc.a(_divmodsi4.o)
                0x000000000000327a                __divmodsi4
 .text.libgcc   0x00000000000032a8        0x0 c:/school/blok 2/micro prog. 2/avr-gcc-12.0.1/bin/../lib/gcc/avr/12.1.0/avr6\libgcc.a(_divmodsi4.o)
 .text.libgcc.prologue
                0x00000000000032a8        0x0 c:/school/blok 2/micro prog. 2/avr-gcc-12.0.1/bin/../lib/gcc/avr/12.1.0/avr6\libgcc.a(_divmodsi4.o)
 .text.libgcc.builtins
                0x00000000000032a8        0x0 c:/school/blok 2/micro prog. 2/avr-gcc-12.0.1/bin/../lib/gcc/avr/12.1.0/avr6\libgcc.a(_divmodsi4.o)
 .text.libgcc.fmul
                0x00000000000032a8        0x0 c:/school/blok 2/micro prog. 2/avr-gcc-12.0.1/bin/../lib/gcc/avr/12.1.0/avr6\libgcc.a(_divmodsi4.o)
 .text.libgcc.fixed
                0x00000000000032a8        0x0 c:/school/blok 2/micro prog. 2/avr-gcc-12.0.1/bin/../lib/gcc/avr/12.1.0/avr6\libgcc.a(_divmodsi4.o)
 .text.libgcc.mul
                0x00000000000032a8        0x0 c:/school/blok 2/micro prog. 2/avr-gcc-12.0.1/bin/../lib/gcc/avr/12.1.0/avr6\libgcc.a(_negsi2.o)
 .text.libgcc.div
                0x00000000000032a8       0x10 c:/school/blok 2/micro prog. 2/avr-gcc-12.0.1/bin/../lib/gcc/avr/12.1.0/avr6\libgcc.a(_negsi2.o)
                0x00000000000032a8                __negsi2
 .text.libgcc   0x00000000000032b8        0x0 c:/school/blok 2/micro prog. 2/avr-gcc-12.0.1/bin/../lib/gcc/avr/12.1.0/avr6\libgcc.a(_negsi2.o)
 .text.libgcc.prologue
                0x00000000000032b8        0x0 c:/school/blok 2/micro prog. 2/avr-gcc-12.0.1/bin/../lib/gcc/avr/12.1.0/avr6\libgcc.a(_negsi2.o)
 .text.libgcc.builtins
                0x00000000000032b8        0x0 c:/school/blok 2/micro prog. 2/avr-gcc-12.0.1/bin/../lib/gcc/avr/12.1.0/avr6\libgcc.a(_negsi2.o)
 .text.libgcc.fmul
                0x00000000000032b8        0x0 c:/school/blok 2/micro prog. 2/avr-gcc-12.0.1/bin/../lib/gcc/avr/12.1.0/avr6\libgcc.a(_negsi2.o)
 .text.libgcc.fixed
                0x00000000000032b8        0x0 c:/school/blok 2/micro prog. 2/avr-gcc-12.0.1/bin/../lib/gcc/avr/12.1.0/avr6\libgcc.a(_negsi2.o)
 .text.libgcc.mul
                0x00000000000032b8        0x0 c:/school/blok 2/micro prog. 2/avr-gcc-12.0.1/bin/../lib/gcc/avr/12.1.0/avr6\libgcc.a(_exit.o)
 .text.libgcc.div
                0x00000000000032b8        0x0 c:/school/blok 2/micro prog. 2/avr-gcc-12.0.1/bin/../lib/gcc/avr/12.1.0/avr6\libgcc.a(_exit.o)
 .text.libgcc   0x00000000000032b8        0x0 c:/school/blok 2/micro prog. 2/avr-gcc-12.0.1/bin/../lib/gcc/avr/12.1.0/avr6\libgcc.a(_exit.o)
 .text.libgcc.prologue
                0x00000000000032b8        0x0 c:/school/blok 2/micro prog. 2/avr-gcc-12.0.1/bin/../lib/gcc/avr/12.1.0/avr6\libgcc.a(_exit.o)
 .text.libgcc.builtins
                0x00000000000032b8        0x0 c:/school/blok 2/micro prog. 2/avr-gcc-12.0.1/bin/../lib/gcc/avr/12.1.0/avr6\libgcc.a(_exit.o)
 .text.libgcc.fmul
                0x00000000000032b8        0x0 c:/school/blok 2/micro prog. 2/avr-gcc-12.0.1/bin/../lib/gcc/avr/12.1.0/avr6\libgcc.a(_exit.o)
 .text.libgcc.fixed
                0x00000000000032b8        0x0 c:/school/blok 2/micro prog. 2/avr-gcc-12.0.1/bin/../lib/gcc/avr/12.1.0/avr6\libgcc.a(_exit.o)
 .text.libgcc.mul
                0x00000000000032b8       0x16 c:/school/blok 2/micro prog. 2/avr-gcc-12.0.1/bin/../lib/gcc/avr/12.1.0/avr6\libgcc.a(_muluhisi3.o)
                0x00000000000032b8                __muluhisi3
 .text.libgcc.div
                0x00000000000032ce        0x0 c:/school/blok 2/micro prog. 2/avr-gcc-12.0.1/bin/../lib/gcc/avr/12.1.0/avr6\libgcc.a(_muluhisi3.o)
 .text.libgcc   0x00000000000032ce        0x0 c:/school/blok 2/micro prog. 2/avr-gcc-12.0.1/bin/../lib/gcc/avr/12.1.0/avr6\libgcc.a(_muluhisi3.o)
 .text.libgcc.prologue
                0x00000000000032ce        0x0 c:/school/blok 2/micro prog. 2/avr-gcc-12.0.1/bin/../lib/gcc/avr/12.1.0/avr6\libgcc.a(_muluhisi3.o)
 .text.libgcc.builtins
                0x00000000000032ce        0x0 c:/school/blok 2/micro prog. 2/avr-gcc-12.0.1/bin/../lib/gcc/avr/12.1.0/avr6\libgcc.a(_muluhisi3.o)
 .text.libgcc.fmul
                0x00000000000032ce        0x0 c:/school/blok 2/micro prog. 2/avr-gcc-12.0.1/bin/../lib/gcc/avr/12.1.0/avr6\libgcc.a(_muluhisi3.o)
 .text.libgcc.fixed
                0x00000000000032ce        0x0 c:/school/blok 2/micro prog. 2/avr-gcc-12.0.1/bin/../lib/gcc/avr/12.1.0/avr6\libgcc.a(_muluhisi3.o)
 .text.libgcc.mul
                0x00000000000032ce        0x0 c:/school/blok 2/micro prog. 2/avr-gcc-12.0.1/bin/../lib/gcc/avr/12.1.0/avr6\libgcc.a(_udivmodhi4.o)
 .text.libgcc.div
                0x00000000000032ce       0x28 c:/school/blok 2/micro prog. 2/avr-gcc-12.0.1/bin/../lib/gcc/avr/12.1.0/avr6\libgcc.a(_udivmodhi4.o)
                0x00000000000032ce                __udivmodhi4
 .text.libgcc   0x00000000000032f6        0x0 c:/school/blok 2/micro prog. 2/avr-gcc-12.0.1/bin/../lib/gcc/avr/12.1.0/avr6\libgcc.a(_udivmodhi4.o)
 .text.libgcc.prologue
                0x00000000000032f6        0x0 c:/school/blok 2/micro prog. 2/avr-gcc-12.0.1/bin/../lib/gcc/avr/12.1.0/avr6\libgcc.a(_udivmodhi4.o)
 .text.libgcc.builtins
                0x00000000000032f6        0x0 c:/school/blok 2/micro prog. 2/avr-gcc-12.0.1/bin/../lib/gcc/avr/12.1.0/avr6\libgcc.a(_udivmodhi4.o)
 .text.libgcc.fmul
                0x00000000000032f6        0x0 c:/school/blok 2/micro prog. 2/avr-gcc-12.0.1/bin/../lib/gcc/avr/12.1.0/avr6\libgcc.a(_udivmodhi4.o)
 .text.libgcc.fixed
                0x00000000000032f6        0x0 c:/school/blok 2/micro prog. 2/avr-gcc-12.0.1/bin/../lib/gcc/avr/12.1.0/avr6\libgcc.a(_udivmodhi4.o)
 .text.libgcc.mul
                0x00000000000032f6        0x0 c:/school/blok 2/micro prog. 2/avr-gcc-12.0.1/bin/../lib/gcc/avr/12.1.0/avr6\libgcc.a(_udivmodsi4.o)
 .text.libgcc.div
                0x00000000000032f6       0x44 c:/school/blok 2/micro prog. 2/avr-gcc-12.0.1/bin/../lib/gcc/avr/12.1.0/avr6\libgcc.a(_udivmodsi4.o)
                0x00000000000032f6                __udivmodsi4
 .text.libgcc   0x000000000000333a        0x0 c:/school/blok 2/micro prog. 2/avr-gcc-12.0.1/bin/../lib/gcc/avr/12.1.0/avr6\libgcc.a(_udivmodsi4.o)
 .text.libgcc.prologue
                0x000000000000333a        0x0 c:/school/blok 2/micro prog. 2/avr-gcc-12.0.1/bin/../lib/gcc/avr/12.1.0/avr6\libgcc.a(_udivmodsi4.o)
 .text.libgcc.builtins
                0x000000000000333a        0x0 c:/school/blok 2/micro prog. 2/avr-gcc-12.0.1/bin/../lib/gcc/avr/12.1.0/avr6\libgcc.a(_udivmodsi4.o)
 .text.libgcc.fmul
                0x000000000000333a        0x0 c:/school/blok 2/micro prog. 2/avr-gcc-12.0.1/bin/../lib/gcc/avr/12.1.0/avr6\libgcc.a(_udivmodsi4.o)
 .text.libgcc.fixed
                0x000000000000333a        0x0 c:/school/blok 2/micro prog. 2/avr-gcc-12.0.1/bin/../lib/gcc/avr/12.1.0/avr6\libgcc.a(_udivmodsi4.o)
 .text.libgcc.mul
                0x000000000000333a       0x1e c:/school/blok 2/micro prog. 2/avr-gcc-12.0.1/bin/../lib/gcc/avr/12.1.0/avr6\libgcc.a(_umulhisi3.o)
                0x000000000000333a                __umulhisi3
 .text.libgcc.div
                0x0000000000003358        0x0 c:/school/blok 2/micro prog. 2/avr-gcc-12.0.1/bin/../lib/gcc/avr/12.1.0/avr6\libgcc.a(_umulhisi3.o)
 .text.libgcc   0x0000000000003358        0x0 c:/school/blok 2/micro prog. 2/avr-gcc-12.0.1/bin/../lib/gcc/avr/12.1.0/avr6\libgcc.a(_umulhisi3.o)
 .text.libgcc.prologue
                0x0000000000003358        0x0 c:/school/blok 2/micro prog. 2/avr-gcc-12.0.1/bin/../lib/gcc/avr/12.1.0/avr6\libgcc.a(_umulhisi3.o)
 .text.libgcc.builtins
                0x0000000000003358        0x0 c:/school/blok 2/micro prog. 2/avr-gcc-12.0.1/bin/../lib/gcc/avr/12.1.0/avr6\libgcc.a(_umulhisi3.o)
 .text.libgcc.fmul
                0x0000000000003358        0x0 c:/school/blok 2/micro prog. 2/avr-gcc-12.0.1/bin/../lib/gcc/avr/12.1.0/avr6\libgcc.a(_umulhisi3.o)
 .text.libgcc.fixed
                0x0000000000003358        0x0 c:/school/blok 2/micro prog. 2/avr-gcc-12.0.1/bin/../lib/gcc/avr/12.1.0/avr6\libgcc.a(_umulhisi3.o)
 .text.avr-libc.fplib
                0x0000000000003358        0xa c:/school/blok 2/micro prog. 2/avr-gcc-12.0.1/bin/../lib/gcc/avr/12.1.0/../../../../avr/lib/avr6\libm.a(cmpsf2.o)
                0x0000000000003358                __nesf2
                0x0000000000003358                __eqsf2
                0x0000000000003358                __cmpsf2
                0x0000000000003358                __ltsf2
                0x0000000000003358                __lesf2
 .text.avr-libc.fplib
                0x0000000000003362       0x5e c:/school/blok 2/micro prog. 2/avr-gcc-12.0.1/bin/../lib/gcc/avr/12.1.0/../../../../avr/lib/avr6\libm.a(fixunssfsi.o)
                0x0000000000003362                __fixunssfsi
 .text.avr-libc.fplib
                0x00000000000033c0       0x48 c:/school/blok 2/micro prog. 2/avr-gcc-12.0.1/bin/../lib/gcc/avr/12.1.0/../../../../avr/lib/avr6\libm.a(fp_cmp.o)
                0x00000000000033c0                __fp_cmp
 .text.avr-libc.fplib
                0x0000000000003408       0x44 c:/school/blok 2/micro prog. 2/avr-gcc-12.0.1/bin/../lib/gcc/avr/12.1.0/../../../../avr/lib/avr6\libm.a(fp_split3.o)
                0x0000000000003408                __fp_split3
                0x0000000000003418                __fp_splitA
 .text.avr-libc.fplib
                0x000000000000344c        0xe c:/school/blok 2/micro prog. 2/avr-gcc-12.0.1/bin/../lib/gcc/avr/12.1.0/../../../../avr/lib/avr6\libm.a(fp_zero.o)
                0x000000000000344c                __fp_zero
                0x000000000000344e                __fp_szero
 .text.avr-libc.fplib
                0x000000000000345a        0xa c:/school/blok 2/micro prog. 2/avr-gcc-12.0.1/bin/../lib/gcc/avr/12.1.0/../../../../avr/lib/avr6\libm.a(gesf2.o)
                0x000000000000345a                __gesf2
                0x000000000000345a                __gtsf2
 .text.avr-libc.fplib
                0x0000000000003464        0x8 c:/school/blok 2/micro prog. 2/avr-gcc-12.0.1/bin/../lib/gcc/avr/12.1.0/../../../../avr/lib/avr6\libm.a(mulsf3.o)
                0x0000000000003464                __mulsf3
 .text.avr-libc.fplib
                0x000000000000346c       0xd2 c:/school/blok 2/micro prog. 2/avr-gcc-12.0.1/bin/../lib/gcc/avr/12.1.0/../../../../avr/lib/avr6\libm.a(mulsf3x.o)
                0x000000000000348a                __mulsf3x
                0x0000000000003490                __mulsf3_pse
 .text.avr-libc.fplib
                0x000000000000353e        0xc c:/school/blok 2/micro prog. 2/avr-gcc-12.0.1/bin/../lib/gcc/avr/12.1.0/../../../../avr/lib/avr6\libm.a(fp_inf.o)
                0x000000000000353e                __fp_inf
 .text.avr-libc.fplib
                0x000000000000354a        0x6 c:/school/blok 2/micro prog. 2/avr-gcc-12.0.1/bin/../lib/gcc/avr/12.1.0/../../../../avr/lib/avr6\libm.a(fp_nan.o)
                0x000000000000354a                __fp_nan
 .text.avr-libc.fplib
                0x0000000000003550        0xe c:/school/blok 2/micro prog. 2/avr-gcc-12.0.1/bin/../lib/gcc/avr/12.1.0/../../../../avr/lib/avr6\libm.a(fp_pscA.o)
                0x0000000000003550                __fp_pscA
 .text.avr-libc.fplib
                0x000000000000355e        0xe c:/school/blok 2/micro prog. 2/avr-gcc-12.0.1/bin/../lib/gcc/avr/12.1.0/../../../../avr/lib/avr6\libm.a(fp_pscB.o)
                0x000000000000355e                __fp_pscB
 .text.avr-libc.fplib
                0x000000000000356c       0x22 c:/school/blok 2/micro prog. 2/avr-gcc-12.0.1/bin/../lib/gcc/avr/12.1.0/../../../../avr/lib/avr6\libm.a(fp_round.o)
                0x000000000000356c                __fp_round
                0x000000000000358e                . = ALIGN (0x2)
 *(.fini9)
 .fini9         0x000000000000358e        0x0 c:/school/blok 2/micro prog. 2/avr-gcc-12.0.1/bin/../lib/gcc/avr/12.1.0/avr6\libgcc.a(_exit.o)
                0x000000000000358e                _exit
                0x000000000000358e                exit
 *(.fini9)
 *(.fini8)
 *(.fini8)
 *(.fini7)
 *(.fini7)
 *(.fini6)
 *(.fini6)
 *(.fini5)
 *(.fini5)
 *(.fini4)
 *(.fini4)
 *(.fini3)
 *(.fini3)
 *(.fini2)
 *(.fini2)
 *(.fini1)
 *(.fini1)
 *(.fini0)
 .fini0         0x000000000000358e        0x4 c:/school/blok 2/micro prog. 2/avr-gcc-12.0.1/bin/../lib/gcc/avr/12.1.0/avr6\libgcc.a(_exit.o)
 *(.fini0)
 *(.hightext)
 *(.hightext*)
 *(.progmemx.*)
                0x0000000000003592                . = ALIGN (0x2)
 *(.jumptables)
 *(.jumptables*)
                0x0000000000003592                _etext = .

.data           0x0000000000800200        0x0 load address 0x0000000000003592
                [!provide]                        PROVIDE (__data_start = .)
 *(.data)
 .data          0x0000000000800200        0x0 c:/school/blok 2/micro prog. 2/avr-gcc-12.0.1/bin/../lib/gcc/avr/12.1.0/../../../../avr/lib/avr6/crtatmega2560.o
 .data          0x0000000000800200        0x0 obj\Debug\fuse.o
 .data          0x0000000000800200        0x0 obj\Debug\main.o
 .data          0x0000000000800200        0x0 obj\Debug\X-as.o
 .data          0x0000000000800200        0x0 obj\Debug\Y-as.o
 .data          0x0000000000800200        0x0 obj\Debug\Z-as.o
 .data          0x0000000000800200        0x0 c:/school/blok 2/micro prog. 2/avr-gcc-12.0.1/bin/../lib/gcc/avr/12.1.0/avr6\libgcc.a(_divmodhi4.o)
 .data          0x0000000000800200        0x0 c:/school/blok 2/micro prog. 2/avr-gcc-12.0.1/bin/../lib/gcc/avr/12.1.0/avr6\libgcc.a(_divmodsi4.o)
 .data          0x0000000000800200        0x0 c:/school/blok 2/micro prog. 2/avr-gcc-12.0.1/bin/../lib/gcc/avr/12.1.0/avr6\libgcc.a(_negsi2.o)
 .data          0x0000000000800200        0x0 c:/school/blok 2/micro prog. 2/avr-gcc-12.0.1/bin/../lib/gcc/avr/12.1.0/avr6\libgcc.a(_exit.o)
 .data          0x0000000000800200        0x0 c:/school/blok 2/micro prog. 2/avr-gcc-12.0.1/bin/../lib/gcc/avr/12.1.0/avr6\libgcc.a(_muluhisi3.o)
 .data          0x0000000000800200        0x0 c:/school/blok 2/micro prog. 2/avr-gcc-12.0.1/bin/../lib/gcc/avr/12.1.0/avr6\libgcc.a(_udivmodhi4.o)
 .data          0x0000000000800200        0x0 c:/school/blok 2/micro prog. 2/avr-gcc-12.0.1/bin/../lib/gcc/avr/12.1.0/avr6\libgcc.a(_udivmodsi4.o)
 .data          0x0000000000800200        0x0 c:/school/blok 2/micro prog. 2/avr-gcc-12.0.1/bin/../lib/gcc/avr/12.1.0/avr6\libgcc.a(_umulhisi3.o)
 .data          0x0000000000800200        0x0 c:/school/blok 2/micro prog. 2/avr-gcc-12.0.1/bin/../lib/gcc/avr/12.1.0/../../../../avr/lib/avr6\libm.a(cmpsf2.o)
 .data          0x0000000000800200        0x0 c:/school/blok 2/micro prog. 2/avr-gcc-12.0.1/bin/../lib/gcc/avr/12.1.0/../../../../avr/lib/avr6\libm.a(fixunssfsi.o)
 .data          0x0000000000800200        0x0 c:/school/blok 2/micro prog. 2/avr-gcc-12.0.1/bin/../lib/gcc/avr/12.1.0/../../../../avr/lib/avr6\libm.a(fp_cmp.o)
 .data          0x0000000000800200        0x0 c:/school/blok 2/micro prog. 2/avr-gcc-12.0.1/bin/../lib/gcc/avr/12.1.0/../../../../avr/lib/avr6\libm.a(fp_split3.o)
 .data          0x0000000000800200        0x0 c:/school/blok 2/micro prog. 2/avr-gcc-12.0.1/bin/../lib/gcc/avr/12.1.0/../../../../avr/lib/avr6\libm.a(fp_zero.o)
 .data          0x0000000000800200        0x0 c:/school/blok 2/micro prog. 2/avr-gcc-12.0.1/bin/../lib/gcc/avr/12.1.0/../../../../avr/lib/avr6\libm.a(gesf2.o)
 .data          0x0000000000800200        0x0 c:/school/blok 2/micro prog. 2/avr-gcc-12.0.1/bin/../lib/gcc/avr/12.1.0/../../../../avr/lib/avr6\libm.a(mulsf3.o)
 .data          0x0000000000800200        0x0 c:/school/blok 2/micro prog. 2/avr-gcc-12.0.1/bin/../lib/gcc/avr/12.1.0/../../../../avr/lib/avr6\libm.a(mulsf3x.o)
 .data          0x0000000000800200        0x0 c:/school/blok 2/micro prog. 2/avr-gcc-12.0.1/bin/../lib/gcc/avr/12.1.0/../../../../avr/lib/avr6\libm.a(fp_inf.o)
 .data          0x0000000000800200        0x0 c:/school/blok 2/micro prog. 2/avr-gcc-12.0.1/bin/../lib/gcc/avr/12.1.0/../../../../avr/lib/avr6\libm.a(fp_nan.o)
 .data          0x0000000000800200        0x0 c:/school/blok 2/micro prog. 2/avr-gcc-12.0.1/bin/../lib/gcc/avr/12.1.0/../../../../avr/lib/avr6\libm.a(fp_pscA.o)
 .data          0x0000000000800200        0x0 c:/school/blok 2/micro prog. 2/avr-gcc-12.0.1/bin/../lib/gcc/avr/12.1.0/../../../../avr/lib/avr6\libm.a(fp_pscB.o)
 .data          0x0000000000800200        0x0 c:/school/blok 2/micro prog. 2/avr-gcc-12.0.1/bin/../lib/gcc/avr/12.1.0/../../../../avr/lib/avr6\libm.a(fp_round.o)
 *(.data*)
 *(.gnu.linkonce.d*)
 *(.rodata)
 *(.rodata*)
 *(.gnu.linkonce.r*)
                0x0000000000800200                . = ALIGN (0x2)
                0x0000000000800200                _edata = .
                [!provide]                        PROVIDE (__data_end = .)

.bss            0x0000000000800200        0x0
                [!provide]                        PROVIDE (__bss_start = .)
 *(.bss)
 .bss           0x0000000000800200        0x0 c:/school/blok 2/micro prog. 2/avr-gcc-12.0.1/bin/../lib/gcc/avr/12.1.0/../../../../avr/lib/avr6/crtatmega2560.o
 .bss           0x0000000000800200        0x0 obj\Debug\fuse.o
 .bss           0x0000000000800200        0x0 obj\Debug\main.o
 .bss           0x0000000000800200        0x0 obj\Debug\X-as.o
 .bss           0x0000000000800200        0x0 obj\Debug\Y-as.o
 .bss           0x0000000000800200        0x0 obj\Debug\Z-as.o
 .bss           0x0000000000800200        0x0 c:/school/blok 2/micro prog. 2/avr-gcc-12.0.1/bin/../lib/gcc/avr/12.1.0/avr6\libgcc.a(_divmodhi4.o)
 .bss           0x0000000000800200        0x0 c:/school/blok 2/micro prog. 2/avr-gcc-12.0.1/bin/../lib/gcc/avr/12.1.0/avr6\libgcc.a(_divmodsi4.o)
 .bss           0x0000000000800200        0x0 c:/school/blok 2/micro prog. 2/avr-gcc-12.0.1/bin/../lib/gcc/avr/12.1.0/avr6\libgcc.a(_negsi2.o)
 .bss           0x0000000000800200        0x0 c:/school/blok 2/micro prog. 2/avr-gcc-12.0.1/bin/../lib/gcc/avr/12.1.0/avr6\libgcc.a(_exit.o)
 .bss           0x0000000000800200        0x0 c:/school/blok 2/micro prog. 2/avr-gcc-12.0.1/bin/../lib/gcc/avr/12.1.0/avr6\libgcc.a(_muluhisi3.o)
 .bss           0x0000000000800200        0x0 c:/school/blok 2/micro prog. 2/avr-gcc-12.0.1/bin/../lib/gcc/avr/12.1.0/avr6\libgcc.a(_udivmodhi4.o)
 .bss           0x0000000000800200        0x0 c:/school/blok 2/micro prog. 2/avr-gcc-12.0.1/bin/../lib/gcc/avr/12.1.0/avr6\libgcc.a(_udivmodsi4.o)
 .bss           0x0000000000800200        0x0 c:/school/blok 2/micro prog. 2/avr-gcc-12.0.1/bin/../lib/gcc/avr/12.1.0/avr6\libgcc.a(_umulhisi3.o)
 .bss           0x0000000000800200        0x0 c:/school/blok 2/micro prog. 2/avr-gcc-12.0.1/bin/../lib/gcc/avr/12.1.0/../../../../avr/lib/avr6\libm.a(cmpsf2.o)
 .bss           0x0000000000800200        0x0 c:/school/blok 2/micro prog. 2/avr-gcc-12.0.1/bin/../lib/gcc/avr/12.1.0/../../../../avr/lib/avr6\libm.a(fixunssfsi.o)
 .bss           0x0000000000800200        0x0 c:/school/blok 2/micro prog. 2/avr-gcc-12.0.1/bin/../lib/gcc/avr/12.1.0/../../../../avr/lib/avr6\libm.a(fp_cmp.o)
 .bss           0x0000000000800200        0x0 c:/school/blok 2/micro prog. 2/avr-gcc-12.0.1/bin/../lib/gcc/avr/12.1.0/../../../../avr/lib/avr6\libm.a(fp_split3.o)
 .bss           0x0000000000800200        0x0 c:/school/blok 2/micro prog. 2/avr-gcc-12.0.1/bin/../lib/gcc/avr/12.1.0/../../../../avr/lib/avr6\libm.a(fp_zero.o)
 .bss           0x0000000000800200        0x0 c:/school/blok 2/micro prog. 2/avr-gcc-12.0.1/bin/../lib/gcc/avr/12.1.0/../../../../avr/lib/avr6\libm.a(gesf2.o)
 .bss           0x0000000000800200        0x0 c:/school/blok 2/micro prog. 2/avr-gcc-12.0.1/bin/../lib/gcc/avr/12.1.0/../../../../avr/lib/avr6\libm.a(mulsf3.o)
 .bss           0x0000000000800200        0x0 c:/school/blok 2/micro prog. 2/avr-gcc-12.0.1/bin/../lib/gcc/avr/12.1.0/../../../../avr/lib/avr6\libm.a(mulsf3x.o)
 .bss           0x0000000000800200        0x0 c:/school/blok 2/micro prog. 2/avr-gcc-12.0.1/bin/../lib/gcc/avr/12.1.0/../../../../avr/lib/avr6\libm.a(fp_inf.o)
 .bss           0x0000000000800200        0x0 c:/school/blok 2/micro prog. 2/avr-gcc-12.0.1/bin/../lib/gcc/avr/12.1.0/../../../../avr/lib/avr6\libm.a(fp_nan.o)
 .bss           0x0000000000800200        0x0 c:/school/blok 2/micro prog. 2/avr-gcc-12.0.1/bin/../lib/gcc/avr/12.1.0/../../../../avr/lib/avr6\libm.a(fp_pscA.o)
 .bss           0x0000000000800200        0x0 c:/school/blok 2/micro prog. 2/avr-gcc-12.0.1/bin/../lib/gcc/avr/12.1.0/../../../../avr/lib/avr6\libm.a(fp_pscB.o)
 .bss           0x0000000000800200        0x0 c:/school/blok 2/micro prog. 2/avr-gcc-12.0.1/bin/../lib/gcc/avr/12.1.0/../../../../avr/lib/avr6\libm.a(fp_round.o)
 *(.bss*)
 *(COMMON)
                [!provide]                        PROVIDE (__bss_end = .)
                0x0000000000003592                __data_load_start = LOADADDR (.data)
                0x0000000000003592                __data_load_end = (__data_load_start + SIZEOF (.data))

.noinit         0x0000000000800200        0x0
                [!provide]                        PROVIDE (__noinit_start = .)
 *(.noinit .noinit.* .gnu.linkonce.n.*)
                [!provide]                        PROVIDE (__noinit_end = .)
                0x0000000000800200                _end = .
                [!provide]                        PROVIDE (__heap_start = .)

.eeprom         0x0000000000810000        0x0
 *(.eeprom*)
                0x0000000000810000                __eeprom_end = .

.fuse           0x0000000000820000        0x3
 *(.fuse)
 .fuse          0x0000000000820000        0x3 obj\Debug\fuse.o
                0x0000000000820000                __fuse
 *(.lfuse)
 *(.hfuse)
 *(.efuse)

.lock
 *(.lock*)

.signature
 *(.signature*)

.stab
 *(.stab)

.stabstr
 *(.stabstr)

.stab.excl
 *(.stab.excl)

.stab.exclstr
 *(.stab.exclstr)

.stab.index
 *(.stab.index)

.stab.indexstr
 *(.stab.indexstr)

.comment        0x0000000000000000       0x12
 *(.comment)
 .comment       0x0000000000000000       0x12 obj\Debug\fuse.o
                                         0x13 (size before relaxing)
 .comment       0x0000000000000012       0x13 obj\Debug\main.o
 .comment       0x0000000000000012       0x13 obj\Debug\X-as.o
 .comment       0x0000000000000012       0x13 obj\Debug\Y-as.o
 .comment       0x0000000000000012       0x13 obj\Debug\Z-as.o

.note.gnu.avr.deviceinfo
                0x0000000000000000       0x40
 .note.gnu.avr.deviceinfo
                0x0000000000000000       0x40 c:/school/blok 2/micro prog. 2/avr-gcc-12.0.1/bin/../lib/gcc/avr/12.1.0/../../../../avr/lib/avr6/crtatmega2560.o

.note.gnu.build-id
 *(.note.gnu.build-id)

.debug
 *(.debug)

.line
 *(.line)

.debug_srcinfo
 *(.debug_srcinfo)

.debug_sfnames
 *(.debug_sfnames)

.debug_aranges  0x0000000000000000      0x198
 *(.debug_aranges)
 .debug_aranges
                0x0000000000000000       0x18 obj\Debug\fuse.o
 .debug_aranges
                0x0000000000000018       0x20 obj\Debug\main.o
 .debug_aranges
                0x0000000000000038       0x20 obj\Debug\X-as.o
 .debug_aranges
                0x0000000000000058       0x20 obj\Debug\Y-as.o
 .debug_aranges
                0x0000000000000078       0x20 obj\Debug\Z-as.o
 .debug_aranges
                0x0000000000000098       0x20 c:/school/blok 2/micro prog. 2/avr-gcc-12.0.1/bin/../lib/gcc/avr/12.1.0/avr6\libgcc.a(_divmodhi4.o)
 .debug_aranges
                0x00000000000000b8       0x20 c:/school/blok 2/micro prog. 2/avr-gcc-12.0.1/bin/../lib/gcc/avr/12.1.0/avr6\libgcc.a(_divmodsi4.o)
 .debug_aranges
                0x00000000000000d8       0x20 c:/school/blok 2/micro prog. 2/avr-gcc-12.0.1/bin/../lib/gcc/avr/12.1.0/avr6\libgcc.a(_negsi2.o)
 .debug_aranges
                0x00000000000000f8       0x20 c:/school/blok 2/micro prog. 2/avr-gcc-12.0.1/bin/../lib/gcc/avr/12.1.0/avr6\libgcc.a(_exit.o)
 .debug_aranges
                0x0000000000000118       0x20 c:/school/blok 2/micro prog. 2/avr-gcc-12.0.1/bin/../lib/gcc/avr/12.1.0/avr6\libgcc.a(_muluhisi3.o)
 .debug_aranges
                0x0000000000000138       0x20 c:/school/blok 2/micro prog. 2/avr-gcc-12.0.1/bin/../lib/gcc/avr/12.1.0/avr6\libgcc.a(_udivmodhi4.o)
 .debug_aranges
                0x0000000000000158       0x20 c:/school/blok 2/micro prog. 2/avr-gcc-12.0.1/bin/../lib/gcc/avr/12.1.0/avr6\libgcc.a(_udivmodsi4.o)
 .debug_aranges
                0x0000000000000178       0x20 c:/school/blok 2/micro prog. 2/avr-gcc-12.0.1/bin/../lib/gcc/avr/12.1.0/avr6\libgcc.a(_umulhisi3.o)

.debug_pubnames
 *(.debug_pubnames)

.debug_info     0x0000000000000000     0x192e
 *(.debug_info .gnu.linkonce.wi.*)
 .debug_info    0x0000000000000000      0xbbc c:/school/blok 2/micro prog. 2/avr-gcc-12.0.1/bin/../lib/gcc/avr/12.1.0/../../../../avr/lib/avr6/crtatmega2560.o
 .debug_info    0x0000000000000bbc       0xa2 obj\Debug\fuse.o
 .debug_info    0x0000000000000c5e      0x929 obj\Debug\main.o
 .debug_info    0x0000000000001587       0xd5 obj\Debug\X-as.o
 .debug_info    0x000000000000165c       0xd5 obj\Debug\Y-as.o
 .debug_info    0x0000000000001731       0xdd obj\Debug\Z-as.o
 .debug_info    0x000000000000180e       0x24 c:/school/blok 2/micro prog. 2/avr-gcc-12.0.1/bin/../lib/gcc/avr/12.1.0/avr6\libgcc.a(_divmodhi4.o)
 .debug_info    0x0000000000001832       0x24 c:/school/blok 2/micro prog. 2/avr-gcc-12.0.1/bin/../lib/gcc/avr/12.1.0/avr6\libgcc.a(_divmodsi4.o)
 .debug_info    0x0000000000001856       0x24 c:/school/blok 2/micro prog. 2/avr-gcc-12.0.1/bin/../lib/gcc/avr/12.1.0/avr6\libgcc.a(_negsi2.o)
 .debug_info    0x000000000000187a       0x24 c:/school/blok 2/micro prog. 2/avr-gcc-12.0.1/bin/../lib/gcc/avr/12.1.0/avr6\libgcc.a(_exit.o)
 .debug_info    0x000000000000189e       0x24 c:/school/blok 2/micro prog. 2/avr-gcc-12.0.1/bin/../lib/gcc/avr/12.1.0/avr6\libgcc.a(_muluhisi3.o)
 .debug_info    0x00000000000018c2       0x24 c:/school/blok 2/micro prog. 2/avr-gcc-12.0.1/bin/../lib/gcc/avr/12.1.0/avr6\libgcc.a(_udivmodhi4.o)
 .debug_info    0x00000000000018e6       0x24 c:/school/blok 2/micro prog. 2/avr-gcc-12.0.1/bin/../lib/gcc/avr/12.1.0/avr6\libgcc.a(_udivmodsi4.o)
 .debug_info    0x000000000000190a       0x24 c:/school/blok 2/micro prog. 2/avr-gcc-12.0.1/bin/../lib/gcc/avr/12.1.0/avr6\libgcc.a(_umulhisi3.o)

.debug_abbrev   0x0000000000000000      0xf0e
 *(.debug_abbrev)
 .debug_abbrev  0x0000000000000000      0xb1a c:/school/blok 2/micro prog. 2/avr-gcc-12.0.1/bin/../lib/gcc/avr/12.1.0/../../../../avr/lib/avr6/crtatmega2560.o
 .debug_abbrev  0x0000000000000b1a       0x7b obj\Debug\fuse.o
 .debug_abbrev  0x0000000000000b95      0x15a obj\Debug\main.o
 .debug_abbrev  0x0000000000000cef       0x7f obj\Debug\X-as.o
 .debug_abbrev  0x0000000000000d6e       0x7f obj\Debug\Y-as.o
 .debug_abbrev  0x0000000000000ded       0x81 obj\Debug\Z-as.o
 .debug_abbrev  0x0000000000000e6e       0x14 c:/school/blok 2/micro prog. 2/avr-gcc-12.0.1/bin/../lib/gcc/avr/12.1.0/avr6\libgcc.a(_divmodhi4.o)
 .debug_abbrev  0x0000000000000e82       0x14 c:/school/blok 2/micro prog. 2/avr-gcc-12.0.1/bin/../lib/gcc/avr/12.1.0/avr6\libgcc.a(_divmodsi4.o)
 .debug_abbrev  0x0000000000000e96       0x14 c:/school/blok 2/micro prog. 2/avr-gcc-12.0.1/bin/../lib/gcc/avr/12.1.0/avr6\libgcc.a(_negsi2.o)
 .debug_abbrev  0x0000000000000eaa       0x14 c:/school/blok 2/micro prog. 2/avr-gcc-12.0.1/bin/../lib/gcc/avr/12.1.0/avr6\libgcc.a(_exit.o)
 .debug_abbrev  0x0000000000000ebe       0x14 c:/school/blok 2/micro prog. 2/avr-gcc-12.0.1/bin/../lib/gcc/avr/12.1.0/avr6\libgcc.a(_muluhisi3.o)
 .debug_abbrev  0x0000000000000ed2       0x14 c:/school/blok 2/micro prog. 2/avr-gcc-12.0.1/bin/../lib/gcc/avr/12.1.0/avr6\libgcc.a(_udivmodhi4.o)
 .debug_abbrev  0x0000000000000ee6       0x14 c:/school/blok 2/micro prog. 2/avr-gcc-12.0.1/bin/../lib/gcc/avr/12.1.0/avr6\libgcc.a(_udivmodsi4.o)
 .debug_abbrev  0x0000000000000efa       0x14 c:/school/blok 2/micro prog. 2/avr-gcc-12.0.1/bin/../lib/gcc/avr/12.1.0/avr6\libgcc.a(_umulhisi3.o)

.debug_line     0x0000000000000000     0x1d41
 *(.debug_line .debug_line.* .debug_line_end)
 .debug_line    0x0000000000000000       0x1d c:/school/blok 2/micro prog. 2/avr-gcc-12.0.1/bin/../lib/gcc/avr/12.1.0/../../../../avr/lib/avr6/crtatmega2560.o
 .debug_line    0x000000000000001d       0x3f obj\Debug\fuse.o
 .debug_line    0x000000000000005c      0xf3e obj\Debug\main.o
 .debug_line    0x0000000000000f9a      0x2e1 obj\Debug\X-as.o
 .debug_line    0x000000000000127b      0x2e1 obj\Debug\Y-as.o
 .debug_line    0x000000000000155c      0x2e1 obj\Debug\Z-as.o
 .debug_line    0x000000000000183d       0xb7 c:/school/blok 2/micro prog. 2/avr-gcc-12.0.1/bin/../lib/gcc/avr/12.1.0/avr6\libgcc.a(_divmodhi4.o)
 .debug_line    0x00000000000018f4       0xbd c:/school/blok 2/micro prog. 2/avr-gcc-12.0.1/bin/../lib/gcc/avr/12.1.0/avr6\libgcc.a(_divmodsi4.o)
 .debug_line    0x00000000000019b1       0x51 c:/school/blok 2/micro prog. 2/avr-gcc-12.0.1/bin/../lib/gcc/avr/12.1.0/avr6\libgcc.a(_negsi2.o)
 .debug_line    0x0000000000001a02       0x51 c:/school/blok 2/micro prog. 2/avr-gcc-12.0.1/bin/../lib/gcc/avr/12.1.0/avr6\libgcc.a(_exit.o)
 .debug_line    0x0000000000001a53       0x81 c:/school/blok 2/micro prog. 2/avr-gcc-12.0.1/bin/../lib/gcc/avr/12.1.0/avr6\libgcc.a(_muluhisi3.o)
 .debug_line    0x0000000000001ad4       0xbd c:/school/blok 2/micro prog. 2/avr-gcc-12.0.1/bin/../lib/gcc/avr/12.1.0/avr6\libgcc.a(_udivmodhi4.o)
 .debug_line    0x0000000000001b91      0x111 c:/school/blok 2/micro prog. 2/avr-gcc-12.0.1/bin/../lib/gcc/avr/12.1.0/avr6\libgcc.a(_udivmodsi4.o)
 .debug_line    0x0000000000001ca2       0x9f c:/school/blok 2/micro prog. 2/avr-gcc-12.0.1/bin/../lib/gcc/avr/12.1.0/avr6\libgcc.a(_umulhisi3.o)

.debug_frame    0x0000000000000000      0x3c8
 *(.debug_frame)
 .debug_frame   0x0000000000000000       0x80 obj\Debug\main.o
 .debug_frame   0x0000000000000080      0x114 obj\Debug\X-as.o
 .debug_frame   0x0000000000000194      0x114 obj\Debug\Y-as.o
 .debug_frame   0x00000000000002a8      0x120 obj\Debug\Z-as.o

.debug_str      0x0000000000000000      0x69e
 *(.debug_str)
 .debug_str     0x0000000000000000      0x3e9 c:/school/blok 2/micro prog. 2/avr-gcc-12.0.1/bin/../lib/gcc/avr/12.1.0/../../../../avr/lib/avr6/crtatmega2560.o
 .debug_str     0x00000000000003e9       0xae obj\Debug\fuse.o
                                         0xe2 (size before relaxing)
 .debug_str     0x0000000000000497      0x13c obj\Debug\main.o
                                        0x200 (size before relaxing)
 .debug_str     0x00000000000005d3       0x24 obj\Debug\X-as.o
                                        0x117 (size before relaxing)
 .debug_str     0x00000000000005f7       0x24 obj\Debug\Y-as.o
                                        0x117 (size before relaxing)
 .debug_str     0x000000000000061b       0x24 obj\Debug\Z-as.o
                                        0x120 (size before relaxing)
 .debug_str     0x000000000000063f       0x5f c:/school/blok 2/micro prog. 2/avr-gcc-12.0.1/bin/../lib/gcc/avr/12.1.0/avr6\libgcc.a(_divmodhi4.o)
 .debug_str     0x000000000000069e       0x5f c:/school/blok 2/micro prog. 2/avr-gcc-12.0.1/bin/../lib/gcc/avr/12.1.0/avr6\libgcc.a(_divmodsi4.o)
 .debug_str     0x000000000000069e       0x5f c:/school/blok 2/micro prog. 2/avr-gcc-12.0.1/bin/../lib/gcc/avr/12.1.0/avr6\libgcc.a(_negsi2.o)
 .debug_str     0x000000000000069e       0x5f c:/school/blok 2/micro prog. 2/avr-gcc-12.0.1/bin/../lib/gcc/avr/12.1.0/avr6\libgcc.a(_exit.o)
 .debug_str     0x000000000000069e       0x5f c:/school/blok 2/micro prog. 2/avr-gcc-12.0.1/bin/../lib/gcc/avr/12.1.0/avr6\libgcc.a(_muluhisi3.o)
 .debug_str     0x000000000000069e       0x5f c:/school/blok 2/micro prog. 2/avr-gcc-12.0.1/bin/../lib/gcc/avr/12.1.0/avr6\libgcc.a(_udivmodhi4.o)
 .debug_str     0x000000000000069e       0x5f c:/school/blok 2/micro prog. 2/avr-gcc-12.0.1/bin/../lib/gcc/avr/12.1.0/avr6\libgcc.a(_udivmodsi4.o)
 .debug_str     0x000000000000069e       0x5f c:/school/blok 2/micro prog. 2/avr-gcc-12.0.1/bin/../lib/gcc/avr/12.1.0/avr6\libgcc.a(_umulhisi3.o)

.debug_loc
 *(.debug_loc)

.debug_macinfo
 *(.debug_macinfo)

.debug_weaknames
 *(.debug_weaknames)

.debug_funcnames
 *(.debug_funcnames)

.debug_typenames
 *(.debug_typenames)

.debug_varnames
 *(.debug_varnames)

.debug_pubtypes
 *(.debug_pubtypes)

.debug_ranges
 *(.debug_ranges)

.debug_addr
 *(.debug_addr)

.debug_line_str
                0x0000000000000000      0x186
 *(.debug_line_str)
 .debug_line_str
                0x0000000000000000       0x6a obj\Debug\fuse.o
                                         0x96 (size before relaxing)
 .debug_line_str
                0x000000000000006a       0xb4 obj\Debug\main.o
                                         0xfe (size before relaxing)
 .debug_line_str
                0x000000000000011e        0x7 obj\Debug\X-as.o
                                         0x94 (size before relaxing)
 .debug_line_str
                0x0000000000000125        0x7 obj\Debug\Y-as.o
                                         0x94 (size before relaxing)
 .debug_line_str
                0x000000000000012c        0x7 obj\Debug\Z-as.o
                                         0x94 (size before relaxing)
 .debug_line_str
                0x0000000000000133       0x53 c:/school/blok 2/micro prog. 2/avr-gcc-12.0.1/bin/../lib/gcc/avr/12.1.0/avr6\libgcc.a(_divmodhi4.o)
                                         0x5f (size before relaxing)
 .debug_line_str
                0x0000000000000186       0x5f c:/school/blok 2/micro prog. 2/avr-gcc-12.0.1/bin/../lib/gcc/avr/12.1.0/avr6\libgcc.a(_divmodsi4.o)
 .debug_line_str
                0x0000000000000186       0x5f c:/school/blok 2/micro prog. 2/avr-gcc-12.0.1/bin/../lib/gcc/avr/12.1.0/avr6\libgcc.a(_negsi2.o)
 .debug_line_str
                0x0000000000000186       0x5f c:/school/blok 2/micro prog. 2/avr-gcc-12.0.1/bin/../lib/gcc/avr/12.1.0/avr6\libgcc.a(_exit.o)
 .debug_line_str
                0x0000000000000186       0x5f c:/school/blok 2/micro prog. 2/avr-gcc-12.0.1/bin/../lib/gcc/avr/12.1.0/avr6\libgcc.a(_muluhisi3.o)
 .debug_line_str
                0x0000000000000186       0x5f c:/school/blok 2/micro prog. 2/avr-gcc-12.0.1/bin/../lib/gcc/avr/12.1.0/avr6\libgcc.a(_udivmodhi4.o)
 .debug_line_str
                0x0000000000000186       0x5f c:/school/blok 2/micro prog. 2/avr-gcc-12.0.1/bin/../lib/gcc/avr/12.1.0/avr6\libgcc.a(_udivmodsi4.o)
 .debug_line_str
                0x0000000000000186       0x5f c:/school/blok 2/micro prog. 2/avr-gcc-12.0.1/bin/../lib/gcc/avr/12.1.0/avr6\libgcc.a(_umulhisi3.o)

.debug_loclists
 *(.debug_loclists)

.debug_macro
 *(.debug_macro)

.debug_names
 *(.debug_names)

.debug_rnglists
 *(.debug_rnglists)

.debug_str_offsets
 *(.debug_str_offsets)

.debug_sup
 *(.debug_sup)
OUTPUT(bin\Debug\Portaalkraan.elf elf32-avr)
LOAD linker stubs

Cross Reference Table

Symbol                                            File
Xas_set_percentage                                obj\Debug\X-as.o
                                                  obj\Debug\main.o
Yas_set_percentage                                obj\Debug\Y-as.o
                                                  obj\Debug\main.o
Zas_set_percentage                                obj\Debug\Z-as.o
                                                  obj\Debug\main.o
__FUSE_REGION_LENGTH__                            c:/school/blok 2/micro prog. 2/avr-gcc-12.0.1/bin/../lib/gcc/avr/12.1.0/../../../../avr/lib/avr6/crtatmega2560.o
__bad_interrupt                                   c:/school/blok 2/micro prog. 2/avr-gcc-12.0.1/bin/../lib/gcc/avr/12.1.0/../../../../avr/lib/avr6/crtatmega2560.o
__cmpsf2                                          c:/school/blok 2/micro prog. 2/avr-gcc-12.0.1/bin/../lib/gcc/avr/12.1.0/../../../../avr/lib/avr6\libm.a(cmpsf2.o)
__divmodhi4                                       c:/school/blok 2/micro prog. 2/avr-gcc-12.0.1/bin/../lib/gcc/avr/12.1.0/avr6\libgcc.a(_divmodhi4.o)
                                                  obj\Debug\Y-as.o
                                                  obj\Debug\X-as.o
__divmodsi4                                       c:/school/blok 2/micro prog. 2/avr-gcc-12.0.1/bin/../lib/gcc/avr/12.1.0/avr6\libgcc.a(_divmodsi4.o)
                                                  obj\Debug\Z-as.o
__eqsf2                                           c:/school/blok 2/micro prog. 2/avr-gcc-12.0.1/bin/../lib/gcc/avr/12.1.0/../../../../avr/lib/avr6\libm.a(cmpsf2.o)
__fixunssfsi                                      c:/school/blok 2/micro prog. 2/avr-gcc-12.0.1/bin/../lib/gcc/avr/12.1.0/../../../../avr/lib/avr6\libm.a(fixunssfsi.o)
                                                  obj\Debug\main.o
__fp_cmp                                          c:/school/blok 2/micro prog. 2/avr-gcc-12.0.1/bin/../lib/gcc/avr/12.1.0/../../../../avr/lib/avr6\libm.a(fp_cmp.o)
                                                  c:/school/blok 2/micro prog. 2/avr-gcc-12.0.1/bin/../lib/gcc/avr/12.1.0/../../../../avr/lib/avr6\libm.a(gesf2.o)
                                                  c:/school/blok 2/micro prog. 2/avr-gcc-12.0.1/bin/../lib/gcc/avr/12.1.0/../../../../avr/lib/avr6\libm.a(cmpsf2.o)
__fp_inf                                          c:/school/blok 2/micro prog. 2/avr-gcc-12.0.1/bin/../lib/gcc/avr/12.1.0/../../../../avr/lib/avr6\libm.a(fp_inf.o)
                                                  c:/school/blok 2/micro prog. 2/avr-gcc-12.0.1/bin/../lib/gcc/avr/12.1.0/../../../../avr/lib/avr6\libm.a(mulsf3x.o)
__fp_nan                                          c:/school/blok 2/micro prog. 2/avr-gcc-12.0.1/bin/../lib/gcc/avr/12.1.0/../../../../avr/lib/avr6\libm.a(fp_nan.o)
                                                  c:/school/blok 2/micro prog. 2/avr-gcc-12.0.1/bin/../lib/gcc/avr/12.1.0/../../../../avr/lib/avr6\libm.a(mulsf3x.o)
__fp_pscA                                         c:/school/blok 2/micro prog. 2/avr-gcc-12.0.1/bin/../lib/gcc/avr/12.1.0/../../../../avr/lib/avr6\libm.a(fp_pscA.o)
                                                  c:/school/blok 2/micro prog. 2/avr-gcc-12.0.1/bin/../lib/gcc/avr/12.1.0/../../../../avr/lib/avr6\libm.a(mulsf3x.o)
__fp_pscB                                         c:/school/blok 2/micro prog. 2/avr-gcc-12.0.1/bin/../lib/gcc/avr/12.1.0/../../../../avr/lib/avr6\libm.a(fp_pscB.o)
                                                  c:/school/blok 2/micro prog. 2/avr-gcc-12.0.1/bin/../lib/gcc/avr/12.1.0/../../../../avr/lib/avr6\libm.a(mulsf3x.o)
__fp_round                                        c:/school/blok 2/micro prog. 2/avr-gcc-12.0.1/bin/../lib/gcc/avr/12.1.0/../../../../avr/lib/avr6\libm.a(fp_round.o)
                                                  c:/school/blok 2/micro prog. 2/avr-gcc-12.0.1/bin/../lib/gcc/avr/12.1.0/../../../../avr/lib/avr6\libm.a(mulsf3.o)
__fp_split3                                       c:/school/blok 2/micro prog. 2/avr-gcc-12.0.1/bin/../lib/gcc/avr/12.1.0/../../../../avr/lib/avr6\libm.a(fp_split3.o)
                                                  c:/school/blok 2/micro prog. 2/avr-gcc-12.0.1/bin/../lib/gcc/avr/12.1.0/../../../../avr/lib/avr6\libm.a(mulsf3x.o)
__fp_splitA                                       c:/school/blok 2/micro prog. 2/avr-gcc-12.0.1/bin/../lib/gcc/avr/12.1.0/../../../../avr/lib/avr6\libm.a(fp_split3.o)
                                                  c:/school/blok 2/micro prog. 2/avr-gcc-12.0.1/bin/../lib/gcc/avr/12.1.0/../../../../avr/lib/avr6\libm.a(fixunssfsi.o)
__fp_szero                                        c:/school/blok 2/micro prog. 2/avr-gcc-12.0.1/bin/../lib/gcc/avr/12.1.0/../../../../avr/lib/avr6\libm.a(fp_zero.o)
                                                  c:/school/blok 2/micro prog. 2/avr-gcc-12.0.1/bin/../lib/gcc/avr/12.1.0/../../../../avr/lib/avr6\libm.a(mulsf3x.o)
__fp_zero                                         c:/school/blok 2/micro prog. 2/avr-gcc-12.0.1/bin/../lib/gcc/avr/12.1.0/../../../../avr/lib/avr6\libm.a(fp_zero.o)
                                                  c:/school/blok 2/micro prog. 2/avr-gcc-12.0.1/bin/../lib/gcc/avr/12.1.0/../../../../avr/lib/avr6\libm.a(fixunssfsi.o)
__fuse                                            obj\Debug\fuse.o
__gesf2                                           c:/school/blok 2/micro prog. 2/avr-gcc-12.0.1/bin/../lib/gcc/avr/12.1.0/../../../../avr/lib/avr6\libm.a(gesf2.o)
__gtsf2                                           c:/school/blok 2/micro prog. 2/avr-gcc-12.0.1/bin/../lib/gcc/avr/12.1.0/../../../../avr/lib/avr6\libm.a(gesf2.o)
                                                  obj\Debug\main.o
__heap_end                                        c:/school/blok 2/micro prog. 2/avr-gcc-12.0.1/bin/../lib/gcc/avr/12.1.0/../../../../avr/lib/avr6/crtatmega2560.o
__init                                            c:/school/blok 2/micro prog. 2/avr-gcc-12.0.1/bin/../lib/gcc/avr/12.1.0/../../../../avr/lib/avr6/crtatmega2560.o
__lesf2                                           c:/school/blok 2/micro prog. 2/avr-gcc-12.0.1/bin/../lib/gcc/avr/12.1.0/../../../../avr/lib/avr6\libm.a(cmpsf2.o)
__ltsf2                                           c:/school/blok 2/micro prog. 2/avr-gcc-12.0.1/bin/../lib/gcc/avr/12.1.0/../../../../avr/lib/avr6\libm.a(cmpsf2.o)
                                                  obj\Debug\main.o
__mulsf3                                          c:/school/blok 2/micro prog. 2/avr-gcc-12.0.1/bin/../lib/gcc/avr/12.1.0/../../../../avr/lib/avr6\libm.a(mulsf3.o)
                                                  obj\Debug\main.o
__mulsf3_pse                                      c:/school/blok 2/micro prog. 2/avr-gcc-12.0.1/bin/../lib/gcc/avr/12.1.0/../../../../avr/lib/avr6\libm.a(mulsf3x.o)
__mulsf3x                                         c:/school/blok 2/micro prog. 2/avr-gcc-12.0.1/bin/../lib/gcc/avr/12.1.0/../../../../avr/lib/avr6\libm.a(mulsf3x.o)
                                                  c:/school/blok 2/micro prog. 2/avr-gcc-12.0.1/bin/../lib/gcc/avr/12.1.0/../../../../avr/lib/avr6\libm.a(mulsf3.o)
__muluhisi3                                       c:/school/blok 2/micro prog. 2/avr-gcc-12.0.1/bin/../lib/gcc/avr/12.1.0/avr6\libgcc.a(_muluhisi3.o)
                                                  obj\Debug\Z-as.o
__negsi2                                          c:/school/blok 2/micro prog. 2/avr-gcc-12.0.1/bin/../lib/gcc/avr/12.1.0/avr6\libgcc.a(_negsi2.o)
                                                  c:/school/blok 2/micro prog. 2/avr-gcc-12.0.1/bin/../lib/gcc/avr/12.1.0/avr6\libgcc.a(_divmodsi4.o)
__nesf2                                           c:/school/blok 2/micro prog. 2/avr-gcc-12.0.1/bin/../lib/gcc/avr/12.1.0/../../../../avr/lib/avr6\libm.a(cmpsf2.o)
__stack                                           c:/school/blok 2/micro prog. 2/avr-gcc-12.0.1/bin/../lib/gcc/avr/12.1.0/../../../../avr/lib/avr6/crtatmega2560.o
__udivmodhi4                                      c:/school/blok 2/micro prog. 2/avr-gcc-12.0.1/bin/../lib/gcc/avr/12.1.0/avr6\libgcc.a(_udivmodhi4.o)
                                                  c:/school/blok 2/micro prog. 2/avr-gcc-12.0.1/bin/../lib/gcc/avr/12.1.0/avr6\libgcc.a(_divmodhi4.o)
__udivmodsi4                                      c:/school/blok 2/micro prog. 2/avr-gcc-12.0.1/bin/../lib/gcc/avr/12.1.0/avr6\libgcc.a(_udivmodsi4.o)
                                                  c:/school/blok 2/micro prog. 2/avr-gcc-12.0.1/bin/../lib/gcc/avr/12.1.0/avr6\libgcc.a(_divmodsi4.o)
__umulhisi3                                       c:/school/blok 2/micro prog. 2/avr-gcc-12.0.1/bin/../lib/gcc/avr/12.1.0/avr6\libgcc.a(_umulhisi3.o)
                                                  c:/school/blok 2/micro prog. 2/avr-gcc-12.0.1/bin/../lib/gcc/avr/12.1.0/avr6\libgcc.a(_muluhisi3.o)
__vector_1                                        c:/school/blok 2/micro prog. 2/avr-gcc-12.0.1/bin/../lib/gcc/avr/12.1.0/../../../../avr/lib/avr6/crtatmega2560.o
__vector_10                                       c:/school/blok 2/micro prog. 2/avr-gcc-12.0.1/bin/../lib/gcc/avr/12.1.0/../../../../avr/lib/avr6/crtatmega2560.o
__vector_11                                       c:/school/blok 2/micro prog. 2/avr-gcc-12.0.1/bin/../lib/gcc/avr/12.1.0/../../../../avr/lib/avr6/crtatmega2560.o
__vector_12                                       c:/school/blok 2/micro prog. 2/avr-gcc-12.0.1/bin/../lib/gcc/avr/12.1.0/../../../../avr/lib/avr6/crtatmega2560.o
__vector_13                                       obj\Debug\Y-as.o
                                                  c:/school/blok 2/micro prog. 2/avr-gcc-12.0.1/bin/../lib/gcc/avr/12.1.0/../../../../avr/lib/avr6/crtatmega2560.o
__vector_14                                       obj\Debug\Y-as.o
                                                  c:/school/blok 2/micro prog. 2/avr-gcc-12.0.1/bin/../lib/gcc/avr/12.1.0/../../../../avr/lib/avr6/crtatmega2560.o
__vector_15                                       obj\Debug\Y-as.o
                                                  c:/school/blok 2/micro prog. 2/avr-gcc-12.0.1/bin/../lib/gcc/avr/12.1.0/../../../../avr/lib/avr6/crtatmega2560.o
__vector_16                                       c:/school/blok 2/micro prog. 2/avr-gcc-12.0.1/bin/../lib/gcc/avr/12.1.0/../../../../avr/lib/avr6/crtatmega2560.o
__vector_17                                       obj\Debug\Z-as.o
                                                  c:/school/blok 2/micro prog. 2/avr-gcc-12.0.1/bin/../lib/gcc/avr/12.1.0/../../../../avr/lib/avr6/crtatmega2560.o
__vector_18                                       obj\Debug\Z-as.o
                                                  c:/school/blok 2/micro prog. 2/avr-gcc-12.0.1/bin/../lib/gcc/avr/12.1.0/../../../../avr/lib/avr6/crtatmega2560.o
__vector_19                                       c:/school/blok 2/micro prog. 2/avr-gcc-12.0.1/bin/../lib/gcc/avr/12.1.0/../../../../avr/lib/avr6/crtatmega2560.o
__vector_2                                        c:/school/blok 2/micro prog. 2/avr-gcc-12.0.1/bin/../lib/gcc/avr/12.1.0/../../../../avr/lib/avr6/crtatmega2560.o
__vector_20                                       obj\Debug\Z-as.o
                                                  c:/school/blok 2/micro prog. 2/avr-gcc-12.0.1/bin/../lib/gcc/avr/12.1.0/../../../../avr/lib/avr6/crtatmega2560.o
__vector_21                                       obj\Debug\X-as.o
                                                  c:/school/blok 2/micro prog. 2/avr-gcc-12.0.1/bin/../lib/gcc/avr/12.1.0/../../../../avr/lib/avr6/crtatmega2560.o
__vector_22                                       obj\Debug\X-as.o
                                                  c:/school/blok 2/micro prog. 2/avr-gcc-12.0.1/bin/../lib/gcc/avr/12.1.0/../../../../avr/lib/avr6/crtatmega2560.o
__vector_23                                       obj\Debug\X-as.o
                                                  c:/school/blok 2/micro prog. 2/avr-gcc-12.0.1/bin/../lib/gcc/avr/12.1.0/../../../../avr/lib/avr6/crtatmega2560.o
__vector_24                                       c:/school/blok 2/micro prog. 2/avr-gcc-12.0.1/bin/../lib/gcc/avr/12.1.0/../../../../avr/lib/avr6/crtatmega2560.o
__vector_25                                       c:/school/blok 2/micro prog. 2/avr-gcc-12.0.1/bin/../lib/gcc/avr/12.1.0/../../../../avr/lib/avr6/crtatmega2560.o
__vector_26                                       c:/school/blok 2/micro prog. 2/avr-gcc-12.0.1/bin/../lib/gcc/avr/12.1.0/../../../../avr/lib/avr6/crtatmega2560.o
__vector_27                                       c:/school/blok 2/micro prog. 2/avr-gcc-12.0.1/bin/../lib/gcc/avr/12.1.0/../../../../avr/lib/avr6/crtatmega2560.o
__vector_28                                       c:/school/blok 2/micro prog. 2/avr-gcc-12.0.1/bin/../lib/gcc/avr/12.1.0/../../../../avr/lib/avr6/crtatmega2560.o
__vector_29                                       c:/school/blok 2/micro prog. 2/avr-gcc-12.0.1/bin/../lib/gcc/avr/12.1.0/../../../../avr/lib/avr6/crtatmega2560.o
__vector_3                                        c:/school/blok 2/micro prog. 2/avr-gcc-12.0.1/bin/../lib/gcc/avr/12.1.0/../../../../avr/lib/avr6/crtatmega2560.o
__vector_30                                       c:/school/blok 2/micro prog. 2/avr-gcc-12.0.1/bin/../lib/gcc/avr/12.1.0/../../../../avr/lib/avr6/crtatmega2560.o
__vector_31                                       c:/school/blok 2/micro prog. 2/avr-gcc-12.0.1/bin/../lib/gcc/avr/12.1.0/../../../../avr/lib/avr6/crtatmega2560.o
__vector_32                                       c:/school/blok 2/micro prog. 2/avr-gcc-12.0.1/bin/../lib/gcc/avr/12.1.0/../../../../avr/lib/avr6/crtatmega2560.o
__vector_33                                       c:/school/blok 2/micro prog. 2/avr-gcc-12.0.1/bin/../lib/gcc/avr/12.1.0/../../../../avr/lib/avr6/crtatmega2560.o
__vector_34                                       c:/school/blok 2/micro prog. 2/avr-gcc-12.0.1/bin/../lib/gcc/avr/12.1.0/../../../../avr/lib/avr6/crtatmega2560.o
__vector_35                                       c:/school/blok 2/micro prog. 2/avr-gcc-12.0.1/bin/../lib/gcc/avr/12.1.0/../../../../avr/lib/avr6/crtatmega2560.o
__vector_36                                       c:/school/blok 2/micro prog. 2/avr-gcc-12.0.1/bin/../lib/gcc/avr/12.1.0/../../../../avr/lib/avr6/crtatmega2560.o
__vector_37                                       c:/school/blok 2/micro prog. 2/avr-gcc-12.0.1/bin/../lib/gcc/avr/12.1.0/../../../../avr/lib/avr6/crtatmega2560.o
__vector_38                                       c:/school/blok 2/micro prog. 2/avr-gcc-12.0.1/bin/../lib/gcc/avr/12.1.0/../../../../avr/lib/avr6/crtatmega2560.o
__vector_39                                       c:/school/blok 2/micro prog. 2/avr-gcc-12.0.1/bin/../lib/gcc/avr/12.1.0/../../../../avr/lib/avr6/crtatmega2560.o
__vector_4                                        c:/school/blok 2/micro prog. 2/avr-gcc-12.0.1/bin/../lib/gcc/avr/12.1.0/../../../../avr/lib/avr6/crtatmega2560.o
__vector_40                                       c:/school/blok 2/micro prog. 2/avr-gcc-12.0.1/bin/../lib/gcc/avr/12.1.0/../../../../avr/lib/avr6/crtatmega2560.o
__vector_41                                       c:/school/blok 2/micro prog. 2/avr-gcc-12.0.1/bin/../lib/gcc/avr/12.1.0/../../../../avr/lib/avr6/crtatmega2560.o
__vector_42                                       c:/school/blok 2/micro prog. 2/avr-gcc-12.0.1/bin/../lib/gcc/avr/12.1.0/../../../../avr/lib/avr6/crtatmega2560.o
__vector_43                                       c:/school/blok 2/micro prog. 2/avr-gcc-12.0.1/bin/../lib/gcc/avr/12.1.0/../../../../avr/lib/avr6/crtatmega2560.o
__vector_44                                       c:/school/blok 2/micro prog. 2/avr-gcc-12.0.1/bin/../lib/gcc/avr/12.1.0/../../../../avr/lib/avr6/crtatmega2560.o
__vector_45                                       c:/school/blok 2/micro prog. 2/avr-gcc-12.0.1/bin/../lib/gcc/avr/12.1.0/../../../../avr/lib/avr6/crtatmega2560.o
__vector_46                                       c:/school/blok 2/micro prog. 2/avr-gcc-12.0.1/bin/../lib/gcc/avr/12.1.0/../../../../avr/lib/avr6/crtatmega2560.o
__vector_47                                       c:/school/blok 2/micro prog. 2/avr-gcc-12.0.1/bin/../lib/gcc/avr/12.1.0/../../../../avr/lib/avr6/crtatmega2560.o
__vector_48                                       c:/school/blok 2/micro prog. 2/avr-gcc-12.0.1/bin/../lib/gcc/avr/12.1.0/../../../../avr/lib/avr6/crtatmega2560.o
__vector_49                                       c:/school/blok 2/micro prog. 2/avr-gcc-12.0.1/bin/../lib/gcc/avr/12.1.0/../../../../avr/lib/avr6/crtatmega2560.o
__vector_5                                        c:/school/blok 2/micro prog. 2/avr-gcc-12.0.1/bin/../lib/gcc/avr/12.1.0/../../../../avr/lib/avr6/crtatmega2560.o
__vector_50                                       c:/school/blok 2/micro prog. 2/avr-gcc-12.0.1/bin/../lib/gcc/avr/12.1.0/../../../../avr/lib/avr6/crtatmega2560.o
__vector_51                                       c:/school/blok 2/micro prog. 2/avr-gcc-12.0.1/bin/../lib/gcc/avr/12.1.0/../../../../avr/lib/avr6/crtatmega2560.o
__vector_52                                       c:/school/blok 2/micro prog. 2/avr-gcc-12.0.1/bin/../lib/gcc/avr/12.1.0/../../../../avr/lib/avr6/crtatmega2560.o
__vector_53                                       c:/school/blok 2/micro prog. 2/avr-gcc-12.0.1/bin/../lib/gcc/avr/12.1.0/../../../../avr/lib/avr6/crtatmega2560.o
__vector_54                                       c:/school/blok 2/micro prog. 2/avr-gcc-12.0.1/bin/../lib/gcc/avr/12.1.0/../../../../avr/lib/avr6/crtatmega2560.o
__vector_55                                       c:/school/blok 2/micro prog. 2/avr-gcc-12.0.1/bin/../lib/gcc/avr/12.1.0/../../../../avr/lib/avr6/crtatmega2560.o
__vector_56                                       c:/school/blok 2/micro prog. 2/avr-gcc-12.0.1/bin/../lib/gcc/avr/12.1.0/../../../../avr/lib/avr6/crtatmega2560.o
__vector_6                                        c:/school/blok 2/micro prog. 2/avr-gcc-12.0.1/bin/../lib/gcc/avr/12.1.0/../../../../avr/lib/avr6/crtatmega2560.o
__vector_7                                        c:/school/blok 2/micro prog. 2/avr-gcc-12.0.1/bin/../lib/gcc/avr/12.1.0/../../../../avr/lib/avr6/crtatmega2560.o
__vector_8                                        c:/school/blok 2/micro prog. 2/avr-gcc-12.0.1/bin/../lib/gcc/avr/12.1.0/../../../../avr/lib/avr6/crtatmega2560.o
__vector_9                                        c:/school/blok 2/micro prog. 2/avr-gcc-12.0.1/bin/../lib/gcc/avr/12.1.0/../../../../avr/lib/avr6/crtatmega2560.o
__vector_default                                  c:/school/blok 2/micro prog. 2/avr-gcc-12.0.1/bin/../lib/gcc/avr/12.1.0/../../../../avr/lib/avr6/crtatmega2560.o
__vectors                                         c:/school/blok 2/micro prog. 2/avr-gcc-12.0.1/bin/../lib/gcc/avr/12.1.0/../../../../avr/lib/avr6/crtatmega2560.o
_div                                              c:/school/blok 2/micro prog. 2/avr-gcc-12.0.1/bin/../lib/gcc/avr/12.1.0/avr6\libgcc.a(_divmodhi4.o)
_exit                                             c:/school/blok 2/micro prog. 2/avr-gcc-12.0.1/bin/../lib/gcc/avr/12.1.0/avr6\libgcc.a(_exit.o)
exit                                              c:/school/blok 2/micro prog. 2/avr-gcc-12.0.1/bin/../lib/gcc/avr/12.1.0/avr6\libgcc.a(_exit.o)
                                                  c:/school/blok 2/micro prog. 2/avr-gcc-12.0.1/bin/../lib/gcc/avr/12.1.0/../../../../avr/lib/avr6/crtatmega2560.o
init                                              obj\Debug\main.o
init_Pinnen                                       obj\Debug\main.o
init_Xas                                          obj\Debug\X-as.o
                                                  obj\Debug\main.o
init_Yas                                          obj\Debug\Y-as.o
                                                  obj\Debug\main.o
init_Zas                                          obj\Debug\Z-as.o
                                                  obj\Debug\main.o
main                                              obj\Debug\main.o
                                                  c:/school/blok 2/micro prog. 2/avr-gcc-12.0.1/bin/../lib/gcc/avr/12.1.0/../../../../avr/lib/avr6/crtatmega2560.o
